../Core/Src/LED_TOGGLE.c:23:6:LED1_OFF	8	static
../Core/Src/LED_TOGGLE.c:29:6:RED1_TOGGLE	8	static
../Core/Src/LED_TOGGLE.c:39:6:YELLOW1_TOGGLE	8	static
../Core/Src/LED_TOGGLE.c:49:6:GREEN1_TOGGLE	8	static
../Core/Src/LED_TOGGLE.c:62:6:LED2_OFF	8	static
../Core/Src/LED_TOGGLE.c:68:6:RED2_TOGGLE	8	static
../Core/Src/LED_TOGGLE.c:78:6:YELLOW2_TOGGLE	8	static
../Core/Src/LED_TOGGLE.c:88:6:GREEN2_TOGGLE	8	static
../Core/Src/LED_TOGGLE.c:101:6:LED3_OFF	8	static
../Core/Src/LED_TOGGLE.c:107:6:RED3_TOGGLE	8	static
../Core/Src/LED_TOGGLE.c:117:6:YELLOW3_TOGGLE	8	static
../Core/Src/LED_TOGGLE.c:127:6:GREEN3_TOGGLE	8	static
